// Jest Snapshot v1, https://goo.gl/fbAQLP

exports[`MediaSelector component snapshot testing should match component with data 1`] = `
<Provider
  store={
    Object {
      "clearActions": [Function],
      "dispatch": [Function],
      "getActions": [Function],
      "getState": [Function],
      "replaceReducer": [Function],
      "subscribe": [Function],
    }
  }
>
  <MediaSelector
    value={1}
  >
    <Modal
      closable={false}
      footer={
        Array [
          <ForwardRef(InternalButton)
            onClick={[Function]}
          >
            Cancel
          </ForwardRef(InternalButton)>,
          <ForwardRef(InternalButton)
            onClick={[Function]}
            type="primary"
          >
            Confirm
          </ForwardRef(InternalButton)>,
        ]
      }
      onCancel={[Function]}
      visible={false}
      width="800px"
    >
      <NoCompactStyle>
        <NoFormStyle
          override={true}
          status={true}
        >
          <Dialog
            closable={false}
            closeIcon={
              <span
                className="ant-modal-close-x"
              >
                <ForwardRef(CloseOutlined)
                  className="ant-modal-close-icon"
                />
              </span>
            }
            focusTriggerAfterClose={true}
            footer={
              Array [
                <ForwardRef(InternalButton)
                  onClick={[Function]}
                >
                  Cancel
                </ForwardRef(InternalButton)>,
                <ForwardRef(InternalButton)
                  onClick={[Function]}
                  type="primary"
                >
                  Confirm
                </ForwardRef(InternalButton)>,
              ]
            }
            maskTransitionName="ant-fade"
            onCancel={[Function]}
            onClose={[Function]}
            prefixCls="ant-modal"
            transitionName="ant-zoom"
            visible={false}
            width="800px"
            wrapClassName=""
          >
            <Portal
              autoDestroy={false}
              autoLock={false}
              open={false}
            />
          </Dialog>
        </NoFormStyle>
      </NoCompactStyle>
    </Modal>
    <Space
      direction="vertical"
    >
      <div
        className="ant-space ant-space-vertical"
        style={Object {}}
      >
        <Item
          className="ant-space-item"
          direction="vertical"
          index={0}
          key="ant-space-item-0"
          marginDirection="marginRight"
          wrap={false}
        >
          <div
            className="ant-space-item"
            style={Object {}}
          >
            <div
              style={
                Object {
                  "alignItems": "center",
                  "display": "flex",
                  "justifyContent": "center",
                }
              }
            >
              <div
                style={
                  Object {
                    "position": "relative",
                  }
                }
              >
                <Button
                  onClick={[Function]}
                  style={
                    Object {
                      "background": "transparent",
                      "borderStyle": "dashed",
                      "display": "block",
                      "height": "auto",
                    }
                  }
                >
                  <Wave
                    disabled={false}
                  >
                    <button
                      className="ant-btn ant-btn-default"
                      disabled={false}
                      onClick={[Function]}
                      style={
                        Object {
                          "background": "transparent",
                          "borderStyle": "dashed",
                          "display": "block",
                          "height": "auto",
                        }
                      }
                      type="button"
                    >
                      <LoadingIcon
                        existIcon={false}
                        loading={false}
                        prefixCls="ant-btn"
                      >
                        <CSSMotion
                          motionName="ant-btn-loading-icon-motion"
                          onAppearActive={[Function]}
                          onAppearStart={[Function]}
                          onEnterActive={[Function]}
                          onEnterStart={[Function]}
                          onLeaveActive={[Function]}
                          onLeaveStart={[Function]}
                          removeOnLeave={true}
                          visible={false}
                        >
                          <DomWrapper />
                        </CSSMotion>
                      </LoadingIcon>
                      <img
                        key=".0"
                        width="100%"
                      />
                    </button>
                  </Wave>
                </Button>
                <Button
                  onClick={[Function]}
                  style={
                    Object {
                      "bottom": 0,
                      "left": 0,
                      "maxWidth": "52px",
                      "position": "absolute",
                    }
                  }
                >
                  <Wave
                    disabled={false}
                  >
                    <button
                      className="ant-btn ant-btn-default"
                      disabled={false}
                      onClick={[Function]}
                      style={
                        Object {
                          "bottom": 0,
                          "left": 0,
                          "maxWidth": "52px",
                          "position": "absolute",
                        }
                      }
                      type="button"
                    >
                      <LoadingIcon
                        existIcon={false}
                        loading={false}
                        prefixCls="ant-btn"
                      >
                        <CSSMotion
                          motionName="ant-btn-loading-icon-motion"
                          onAppearActive={[Function]}
                          onAppearStart={[Function]}
                          onEnterActive={[Function]}
                          onEnterStart={[Function]}
                          onLeaveActive={[Function]}
                          onLeaveStart={[Function]}
                          removeOnLeave={true}
                          visible={false}
                        >
                          <DomWrapper />
                        </CSSMotion>
                      </LoadingIcon>
                      <ForwardRef(DeleteOutlined)
                        key=".0"
                      >
                        <AntdIcon
                          icon={
                            Object {
                              "icon": Object {
                                "attrs": Object {
                                  "focusable": "false",
                                  "viewBox": "64 64 896 896",
                                },
                                "children": Array [
                                  Object {
                                    "attrs": Object {
                                      "d": "M360 184h-8c4.4 0 8-3.6 8-8v8h304v-8c0 4.4 3.6 8 8 8h-8v72h72v-80c0-35.3-28.7-64-64-64H352c-35.3 0-64 28.7-64 64v80h72v-72zm504 72H160c-17.7 0-32 14.3-32 32v32c0 4.4 3.6 8 8 8h60.4l24.7 523c1.6 34.1 29.8 61 63.9 61h454c34.2 0 62.3-26.8 63.9-61l24.7-523H888c4.4 0 8-3.6 8-8v-32c0-17.7-14.3-32-32-32zM731.3 840H292.7l-24.2-512h487l-24.2 512z",
                                    },
                                    "tag": "path",
                                  },
                                ],
                                "tag": "svg",
                              },
                              "name": "delete",
                              "theme": "outlined",
                            }
                          }
                        >
                          <span
                            aria-label="delete"
                            className="anticon anticon-delete"
                            role="img"
                          >
                            <IconReact
                              icon={
                                Object {
                                  "icon": Object {
                                    "attrs": Object {
                                      "focusable": "false",
                                      "viewBox": "64 64 896 896",
                                    },
                                    "children": Array [
                                      Object {
                                        "attrs": Object {
                                          "d": "M360 184h-8c4.4 0 8-3.6 8-8v8h304v-8c0 4.4 3.6 8 8 8h-8v72h72v-80c0-35.3-28.7-64-64-64H352c-35.3 0-64 28.7-64 64v80h72v-72zm504 72H160c-17.7 0-32 14.3-32 32v32c0 4.4 3.6 8 8 8h60.4l24.7 523c1.6 34.1 29.8 61 63.9 61h454c34.2 0 62.3-26.8 63.9-61l24.7-523H888c4.4 0 8-3.6 8-8v-32c0-17.7-14.3-32-32-32zM731.3 840H292.7l-24.2-512h487l-24.2 512z",
                                        },
                                        "tag": "path",
                                      },
                                    ],
                                    "tag": "svg",
                                  },
                                  "name": "delete",
                                  "theme": "outlined",
                                }
                              }
                            >
                              <svg
                                aria-hidden="true"
                                data-icon="delete"
                                fill="currentColor"
                                focusable="false"
                                height="1em"
                                key="svg-delete"
                                viewBox="64 64 896 896"
                                width="1em"
                              >
                                <path
                                  d="M360 184h-8c4.4 0 8-3.6 8-8v8h304v-8c0 4.4 3.6 8 8 8h-8v72h72v-80c0-35.3-28.7-64-64-64H352c-35.3 0-64 28.7-64 64v80h72v-72zm504 72H160c-17.7 0-32 14.3-32 32v32c0 4.4 3.6 8 8 8h60.4l24.7 523c1.6 34.1 29.8 61 63.9 61h454c34.2 0 62.3-26.8 63.9-61l24.7-523H888c4.4 0 8-3.6 8-8v-32c0-17.7-14.3-32-32-32zM731.3 840H292.7l-24.2-512h487l-24.2 512z"
                                  key="svg-delete-svg-0"
                                />
                              </svg>
                            </IconReact>
                          </span>
                        </AntdIcon>
                      </ForwardRef(DeleteOutlined)>
                    </button>
                  </Wave>
                </Button>
              </div>
            </div>
          </div>
        </Item>
      </div>
    </Space>
  </MediaSelector>
</Provider>
`;
